Microchip MPLAB XC8 Compiler V2.46

Linker command line:

-W-3 \
  --edf=C:\Program Files\Microchip\xc8\v2.46\pic\dat\20240104201356_en.msgs \
  -cn -h+dist/default/production\Motors.X.production.sym \
  --cmf=dist/default/production\Motors.X.production.cmf -z -Q16F18855 \
  -oC:\Users\chum_\AppData\Local\Temp\xcAsh4c.\driver_tmp_3.o \
  --defsym=__MPLAB_BUILD=1 --fixupoverflow=error \
  -Mdist/default/production/Motors.X.production.map \
  --md=C:\Users\chum_\AppData\Local\Temp\xcAsh4c.\driver_tmp_0.dat -E1 \
  -ver=XC8 Compiler --acfsm=1493 -ACODE=00h-07FFhx4 -ASTRCODE=00h-01FFFh \
  -ASTRING=00h-0FFhx32 -ACONST=00h-0FFhx32 -AENTRY=00h-0FFhx32 \
  -ACOMMON=070h-07Fh -ABANK0=020h-06Fh -ABANK1=0A0h-0EFh \
  -ABANK2=0120h-016Fh -ABANK3=01A0h-01EFh -ABANK4=0220h-026Fh \
  -ABANK5=02A0h-02EFh -ABANK6=0320h-036Fh -ABANK7=03A0h-03EFh \
  -ABANK8=0420h-046Fh -ABANK9=04A0h-04EFh -ABANK10=0520h-056Fh \
  -ABANK11=05A0h-05EFh -ABANK12=0620h-064Fh -ABIGRAM=02000h-023EFh \
  -ARAM=020h-06Fh,0A0h-0EFh,0120h-016Fh,01A0h-01EFh,0220h-026Fh,02A0h-02EFh,0320h-036Fh,03A0h-03EFh,0420h-046Fh,04A0h-04EFh,0520h-056Fh,05A0h-05EFh,0620h-064Fh \
  -AABS1=020h-07Fh,0A0h-0EFh,0120h-016Fh,01A0h-01EFh,0220h-026Fh,02A0h-02EFh,0320h-036Fh,03A0h-03EFh,0420h-046Fh,04A0h-04EFh,0520h-056Fh,05A0h-05EFh,0620h-064Fh \
  -ASFR0=00h-01Fh -ASFR1=080h-09Fh -ASFR2=0100h-011Fh -ASFR3=0180h-019Fh \
  -ASFR4=0200h-021Fh -ASFR5=0280h-029Fh -ASFR6=0300h-031Fh \
  -ASFR7=0380h-039Fh -ASFR8=0400h-041Fh -ASFR9=0480h-049Fh \
  -ASFR10=0500h-051Fh -ASFR11=0580h-059Fh -ASFR12=0600h-061Fh \
  -ASFR13=0680h-06EFh -ASFR14=0700h-076Fh -ASFR15=0780h-07EFh \
  -ASFR16=0800h-086Fh -ASFR17=0880h-08EFh -ASFR18=0900h-096Fh \
  -ASFR19=0980h-09EFh -ASFR20=0A00h-0A6Fh -ASFR21=0A80h-0AEFh \
  -ASFR22=0B00h-0B6Fh -ASFR23=0B80h-0BEFh -ASFR24=0C00h-0C6Fh \
  -ASFR25=0C80h-0CEFh -ASFR26=0D00h-0D6Fh -ASFR27=0D80h-0DEFh \
  -ASFR28=0E00h-0E6Fh -ASFR29=0E80h-0EEFh -ASFR30=0F00h-0F6Fh \
  -ASFR31=0F80h-0FEFh -ACONFIG=08007h-0800Bh -DCONFIG=2 \
  -AIDLOC=08000h-08003h -DIDLOC=2 -AEEDATA=00h-0FFh/0F000h \
  -peeprom_data=EEDATA -DEEDATA=2 -DCODE=2 -DSTRCODE=2 -DSTRING=2 -DCONST=2 \
  -DENTRY=2 -preset_vec=00h,intentry=04h,sivt,init,end_init -ppowerup=CODE \
  -pcinit=CODE -pfunctab=ENTRY -k \
  C:\Users\chum_\AppData\Local\Temp\xcAsh4c.\driver_tmp_15.o \
  dist/default/production\Motors.X.production.o 

Object code version is 3.11

Machine type is 16F18855



                Name                               Link     Load   Length Selector   Space Scale
C:\Users\chum_\AppData\Local\Temp\xcAsh4c.\driver_tmp_15.o
                end_init                             85       85        2        8       0
                reset_vec                             0        0        2        0       0
                config                             8007     8007        5        0       4
dist/default/production\Motors.X.production.o
                cinit                                87       87       40        8       0
                intentry                              4        4       81        8       0
                config                             8007     8007        5        0       4
                text38                              1D3      1D3      10A        8       0
                text36                              FBD      FBD       10     1F7A       0
                text35                              F38      F38        3     1E70       0
                text34                              F60      F60        9     1EC0       0
                text33                              FAF      FAF        E     1F5E       0
                text32                              7B2      7B2       19        8       0
                text31                              FED      FED       13     1FDA       0
                text30                              3E1      3E1       A6        8       0
                text29                              F4E      F4E        6     1E9C       0
                text28                              F3B      F3B        3     1E76       0
                text27                              F3E      F3E        3     1E7C       0
                text26                              67D      67D       44        8       0
                text25                              F49      F49        5     1E92       0
                text24                              F54      F54        6     1EA8       0
                text23                              629      629       54        8       0
                text22                              5D1      5D1       58        8       0
                text21                              2DD      2DD      104        8       0
                text20                              797      797       1B        8       0
                text19                              F69      F69        9     1ED2       0
                text18                              F72      F72        9     1EE4       0
                text17                              F7B      F7B        A     1EF6       0
                text16                              FCD      FCD       10     1F9A       0
                text15                              FDD      FDD       10     1FBA       0
                text14                              513      513       65        8       0
                text13                              7E2      7E2       17        8       0
                text12                              F41      F41        4     1E82       0
                text11                              F85      F85        A     1F0A       0
                text10                              578      578       59        8       0
                text9                               F8F      F8F        A     1F1E       0
                text8                               F99      F99        A     1F32       0
                text7                               7CB      7CB       17        8       0
                text6                               77C      77C       1B        8       0
                text5                               75D      75D       1F        8       0
                text4                               73E      73E       1F        8       0
                text3                               71F      71F       1F        8       0
                text2                               700      700       1F        8       0
                text1                                C7       C7      10C        8       0
                maintext                            487      487       8C        8       0
                cstackBANK0                          4F       4F       15       20       1
                cstackCOMMON                         70       70        9       70       1
                clrtext                             F5A      F5A        6     1EB4       0
                inittext                            7F9      7F9        6        8       0
                bssBANK2                            120      120       24      120       1
                dataBANK1                            A0       A0       3F       A0       1
                bssBANK1                             DF       DF        C       A0       1
                dataBANK0                            64       64        C       20       1
                bssBANK0                             20       20       2F       20       1
                dataCOMMON                           79       79        4       70       1
                stringtext1                        1000     1000        2     2000       0
                idataBANK1                          6C1      6C1       3F        8       0
                idataBANK0                          FA3      FA3        C     1F46       0
                idataCOMMON                         F45      F45        4     1E8A       0

TOTAL           Name                               Link     Load   Length     Space
        CLASS   CODE           
                end_init                             85       85        2         0
                cinit                                87       87       40         0
                intentry                              4        4       81         0
                reset_vec                             0        0        2         0
                text38                              1D3      1D3      10A         0
                text36                              FBD      FBD       10         0
                text35                              F38      F38        3         0
                text34                              F60      F60        9         0
                text33                              FAF      FAF        E         0
                text32                              7B2      7B2       19         0
                text31                              FED      FED       13         0
                text30                              3E1      3E1       A6         0
                text29                              F4E      F4E        6         0
                text28                              F3B      F3B        3         0
                text27                              F3E      F3E        3         0
                text26                              67D      67D       44         0
                text25                              F49      F49        5         0
                text24                              F54      F54        6         0
                text23                              629      629       54         0
                text22                              5D1      5D1       58         0
                text21                              2DD      2DD      104         0
                text20                              797      797       1B         0
                text19                              F69      F69        9         0
                text18                              F72      F72        9         0
                text17                              F7B      F7B        A         0
                text16                              FCD      FCD       10         0
                text15                              FDD      FDD       10         0
                text14                              513      513       65         0
                text13                              7E2      7E2       17         0
                text12                              F41      F41        4         0
                text11                              F85      F85        A         0
                text10                              578      578       59         0
                text9                               F8F      F8F        A         0
                text8                               F99      F99        A         0
                text7                               7CB      7CB       17         0
                text6                               77C      77C       1B         0
                text5                               75D      75D       1F         0
                text4                               73E      73E       1F         0
                text3                               71F      71F       1F         0
                text2                               700      700       1F         0
                text1                                C7       C7      10C         0
                maintext                            487      487       8C         0
                clrtext                             F5A      F5A        6         0
                inittext                            7F9      7F9        6         0
                idataBANK1                          6C1      6C1       3F         0
                idataBANK0                          FA3      FA3        C         0
                idataCOMMON                         F45      F45        4         0

        CLASS   STRCODE        
                stringtext1                        1000     1000        2         0

        CLASS   STRING         

        CLASS   CONST          

        CLASS   ENTRY          

        CLASS   COMMON         
                cstackCOMMON                         70       70        9         1
                dataCOMMON                           79       79        4         1

        CLASS   BANK0          
                cstackBANK0                          4F       4F       15         1
                dataBANK0                            64       64        C         1
                bssBANK0                             20       20       2F         1

        CLASS   BANK1          
                dataBANK1                            A0       A0       3F         1
                bssBANK1                             DF       DF        C         1

        CLASS   BANK2          
                bssBANK2                            120      120       24         1

        CLASS   BANK3          

        CLASS   BANK4          

        CLASS   BANK5          

        CLASS   BANK6          

        CLASS   BANK7          

        CLASS   BANK8          

        CLASS   BANK9          

        CLASS   BANK10         

        CLASS   BANK11         

        CLASS   BANK12         

        CLASS   BIGRAM         

        CLASS   RAM            

        CLASS   ABS1           
                abs_s1                               7E       7E        2         1

        CLASS   SFR0           

        CLASS   SFR1           

        CLASS   SFR2           

        CLASS   SFR3           

        CLASS   SFR4           

        CLASS   SFR5           

        CLASS   SFR6           

        CLASS   SFR7           

        CLASS   SFR8           

        CLASS   SFR9           

        CLASS   SFR10          

        CLASS   SFR11          

        CLASS   SFR12          

        CLASS   SFR13          

        CLASS   SFR14          

        CLASS   SFR15          

        CLASS   SFR16          

        CLASS   SFR17          

        CLASS   SFR18          

        CLASS   SFR19          

        CLASS   SFR20          

        CLASS   SFR21          

        CLASS   SFR22          

        CLASS   SFR23          

        CLASS   SFR24          

        CLASS   SFR25          

        CLASS   SFR26          

        CLASS   SFR27          

        CLASS   SFR28          

        CLASS   SFR29          

        CLASS   SFR30          

        CLASS   SFR31          

        CLASS   CONFIG         
                config                             8007     8007        5         4

        CLASS   IDLOC          

        CLASS   EEDATA         

        CLASS   BANK31         

        CLASS   BANK30         

        CLASS   BANK29         

        CLASS   BANK28         

        CLASS   BANK27         

        CLASS   BANK26         

        CLASS   BANK25         

        CLASS   BANK24         

        CLASS   BANK23         

        CLASS   BANK22         

        CLASS   BANK21         

        CLASS   BANK20         

        CLASS   BANK19         

        CLASS   BANK18         

        CLASS   BANK17         

        CLASS   BANK16         

        CLASS   BANK15         

        CLASS   BANK14         

        CLASS   BANK13         

        CLASS   HEAP           

        CLASS   STACK          



SEGMENTS        Name                           Load    Length   Top    Selector   Space  Class     Delta

                reset_vec                      000000  000002  000002         0       0  CODE        2
                intentry                       000004  0007FB  0007FF         8       0  CODE        2
                bssBANK0                       000020  000050  000070        20       1  BANK0       1
                cstackCOMMON                   000070  00000D  00007D        70       1  COMMON      1
                dataBANK1                      0000A0  00004B  0000EB        A0       1  BANK1       1
                bssBANK2                       000120  000024  000144       120       1  BANK2       1
                text35                         000F38  000003  000F3B      1E70       0  CODE        2
                text28                         000F3B  000003  000F3E      1E76       0  CODE        2
                text27                         000F3E  000003  000F41      1E7C       0  CODE        2
                text12                         000F41  000004  000F45      1E82       0  CODE        2
                idataCOMMON                    000F45  000004  000F49      1E8A       0  CODE        2
                text25                         000F49  000005  000F4E      1E92       0  CODE        2
                text29                         000F4E  000006  000F54      1E9C       0  CODE        2
                text24                         000F54  000006  000F5A      1EA8       0  CODE        2
                clrtext                        000F5A  000006  000F60      1EB4       0  CODE        2
                text34                         000F60  000009  000F69      1EC0       0  CODE        2
                text19                         000F69  000009  000F72      1ED2       0  CODE        2
                text18                         000F72  000009  000F7B      1EE4       0  CODE        2
                text17                         000F7B  00000A  000F85      1EF6       0  CODE        2
                text11                         000F85  00000A  000F8F      1F0A       0  CODE        2
                text9                          000F8F  00000A  000F99      1F1E       0  CODE        2
                text8                          000F99  00000A  000FA3      1F32       0  CODE        2
                idataBANK0                     000FA3  00000C  000FAF      1F46       0  CODE        2
                text33                         000FAF  00000E  000FBD      1F5E       0  CODE        2
                text36                         000FBD  000010  000FCD      1F7A       0  CODE        2
                text16                         000FCD  000010  000FDD      1F9A       0  CODE        2
                text15                         000FDD  000010  000FED      1FBA       0  CODE        2
                text31                         000FED  000013  001000      1FDA       0  CODE        2
                stringtext1                    001000  000002  001002      2000       0  STRCODE     2


UNUSED ADDRESS RANGES

        Name                Unused          Largest block    Delta
        BANK1            000EB-000EF               5           1
        BANK10           00520-0056F              50           1
        BANK11           005A0-005EF              50           1
        BANK12           00620-0064F              30           1
        BANK2            00144-0016F              2C           1
        BANK3            001A0-001EF              50           1
        BANK4            00220-0026F              50           1
        BANK5            002A0-002EF              50           1
        BANK6            00320-0036F              50           1
        BANK7            003A0-003EF              50           1
        BANK8            00420-0046F              50           1
        BANK9            004A0-004EF              50           1
        BIGRAM           02000-023EF             3F0           1
        CODE             00002-00003               2           2
                         007FF-00F37               1
                         01002-01FFF             7FE
        COMMON           0007D-0007D               1           1
        CONST            00002-00003               2           2
                         007FF-00F37             100
                         01002-01FFF             100
        EEDATA           0F000-0F0FF             100           2
        ENTRY            00002-00003               2           2
                         007FF-00F37             100
                         01002-01FFF             100
        IDLOC            08000-08003               4           2
        RAM              000EB-000EF               5           1
                         00144-0016F              2C
                         001A0-001EF              50
                         00220-0026F              50
                         002A0-002EF              50
                         00320-0036F              50
                         003A0-003EF              50
                         00420-0046F              50
                         004A0-004EF              50
                         00520-0056F              50
                         005A0-005EF              50
                         00620-0064F              30
        SFR0             00000-0001F              20           1
        SFR1             00080-0009F              20           1
        SFR10            00500-0051F              20           1
        SFR11            00580-0059F              20           1
        SFR12            00600-0061F              20           1
        SFR13            00680-006EF              70           1
        SFR14            00700-0076F              70           1
        SFR15            00780-007EF              70           1
        SFR16            00800-0086F              70           1
        SFR17            00880-008EF              70           1
        SFR18            00900-0096F              70           1
        SFR19            00980-009EF              70           1
        SFR2             00100-0011F              20           1
        SFR20            00A00-00A6F              70           1
        SFR21            00A80-00AEF              70           1
        SFR22            00B00-00B6F              70           1
        SFR23            00B80-00BEF              70           1
        SFR24            00C00-00C6F              70           1
        SFR25            00C80-00CEF              70           1
        SFR26            00D00-00D6F              70           1
        SFR27            00D80-00DEF              70           1
        SFR28            00E00-00E6F              70           1
        SFR29            00E80-00EEF              70           1
        SFR3             00180-0019F              20           1
        SFR30            00F00-00F6F              70           1
        SFR31            00F80-00FEF              70           1
        SFR4             00200-0021F              20           1
        SFR5             00280-0029F              20           1
        SFR6             00300-0031F              20           1
        SFR7             00380-0039F              20           1
        SFR8             00400-0041F              20           1
        SFR9             00480-0049F              20           1
        STRCODE          00002-00003               2           2
                         007FF-00F37             739
                         01002-01FFF             FFE
        STRING           00002-00003               2           2
                         007FF-00F37             100
                         01002-01FFF             100

                                  Symbol Table

?_SetUp                             cstackBANK0  0004F
?___awmod                           cstackBANK0  0004F
ActivatePump@switchValue            cstackBANK0  0004F
ColorSensor@I2CStage                cstackBANK0  0005B
ColorSensor@color                   cstackBANK0  0005D
ColorSensor@colors                  cstackBANK0  0005C
ColorSensor@newI2CMessage           cstackBANK0  00063
CreateMoveBackwardCommmand@pwm      cstackBANK0  0004F
CreateMoveForwardCommmand@pwm       cstackBANK0  0004F
CreateTurnLeftCommmand@pwm          cstackBANK0  0004F
CreateTurnRightCommmand@pwm         cstackBANK0  0004F
GetControllerInput@input            cstackCOMMON 00070
GetValueAndEndI2C@colors            cstackBANK0  00053
GetValueAndEndI2C@value             cstackBANK0  00052
IncrementColorStage@colors          cstackBANK0  0004F
LoadTemp@colors                     cstackBANK0  00050
LoadTemp@value                      cstackBANK0  0004F
MovePumpArm@switchValue             cstackBANK0  0004F
ReadColorReady@buffer               cstackBANK0  00050
ReadColorReady@colors               cstackBANK0  00051
Reset@colors                        cstackBANK0  0004F
SelectColourRegister@colorStage     cstackBANK0  0004F
SelectColourRegister@writeValue     cstackBANK0  00051
SetUp@value                         cstackBANK0  00053
SetUpColorSensor@result             cstackBANK0  00057
UpdateColors@colors                 cstackBANK0  0005A
UpdateColors@stageValue             cstackBANK0  00056
_ANSELAbits                         (abs)        00F38
_ANSELBbits                         (abs)        00F43
_ANSELCbits                         (abs)        00F4E
_ActivatePump                       text36       00FBD
_BAUD1CONbits                       (abs)        0011F
_Break                              dataBANK1    000A7
_ColorSensor                        text21       002DD
_CreateBreak                        text7        007CB
_CreateControlsCommand              text6        0077C
_CreateMoveBackwardCommmand         text5        0075D
_CreateMoveForwardCommmand          text4        0073E
_CreateTurnLeftCommmand             text3        0071F
_CreateTurnRightCommmand            text2        00700
_DAC1CON1bits                       (abs)        0090F
_EndI2C                             text35       00F38
_EndIC2Transmission                 text19       00F69
_GetControllerInput                 text38       001D3
_GetUserDataCommand                 dataBANK1    000D9
_GetValueAndEndI2C                  text30       003E1
_I2CStage                           bssBANK0     0004C
_INTCONbits                         (abs)        0000B
_IncrementColorStage                text33       00FAF
_LATAbits                           (abs)        00016
_LATBbits                           (abs)        00017
_LoadTemp                           text34       00F60
_MoveBackwardCommand                dataBANK1    000B1
_MoveForwardCommand                 dataBANK1    000BB
_MovePumpArm                        text20       00797
_PIE3bits                           (abs)        00719
_PIR3bits                           (abs)        0070F
_RC1STAbits                         (abs)        0011D
_RC3PPS                             (abs)        00F23
_RC4PPS                             (abs)        00F24
_RC5PPS                             (abs)        00F25
_RCREG                              (abs)        00119
_RXPPSbits                          (abs)        00ECB
_ReadAddressI2C                     text29       00F4E
_ReadColorReady                     text32       007B2
_ReadI2C                            text28       00F3B
_RepeatI2C                          text27       00F3E
_RepeatedStart                      text18       00F72
_Reset                              text31       00FED
_SP1BRGLbits                        (abs)        0011B
_SSP1ADD                            (abs)        0018D
_SSP1BUF                            (abs)        0018C
_SSP1BUFbits                        (abs)        0018C
_SSP1CLKPPSbits                     (abs)        00EC5
_SSP1CON1                           (abs)        00190
_SSP1CON2bits                       (abs)        00191
_SSP1DATPPSbits                     (abs)        00EC6
_SelectColourRegister               text26       0067D
_SetUp                              text14       00513
_SetUpColorSensor                   text10       00578
_SetUpI2C                           text11       00F85
_SetUpI2CPins                       text13       007E2
_SetUpIC2Clock                      text12       00F41
_SetUpPump                          text9        00F8F
_SetUpPumpArm                       text8        00F99
_StartI2C                           text25       00F49
_StartIC2Transmission               text17       00F7B
_StartReadRequest                   text16       00FCD
_StartWriteRequest                  text15       00FDD
_TRISAbits                          (abs)        00011
_TRISBbits                          (abs)        00012
_TRISCbits                          (abs)        00013
_TX1REGbits                         (abs)        0011A
_TX1STAbits                         (abs)        0011E
_TurnLeftCommand                    dataBANK1    000CF
_TurnRightCommand                   dataBANK1    000C5
_UpdateColors                       text22       005D1
_WPUCbits                           (abs)        00F4F
_WriteI2C                           text24       00F54
__H__absolute__                     __absolute__ 00000
__Habs1                             abs1         00000
__Hbank0                            bank0        00000
__Hbank1                            bank1        00000
__Hbank10                           bank10       00000
__Hbank11                           bank11       00000
__Hbank12                           bank12       00000
__Hbank13                           bank13       00000
__Hbank14                           bank14       00000
__Hbank15                           bank15       00000
__Hbank16                           bank16       00000
__Hbank17                           bank17       00000
__Hbank18                           bank18       00000
__Hbank19                           bank19       00000
__Hbank2                            bank2        00000
__Hbank20                           bank20       00000
__Hbank21                           bank21       00000
__Hbank22                           bank22       00000
__Hbank23                           bank23       00000
__Hbank24                           bank24       00000
__Hbank25                           bank25       00000
__Hbank26                           bank26       00000
__Hbank27                           bank27       00000
__Hbank28                           bank28       00000
__Hbank29                           bank29       00000
__Hbank3                            bank3        00000
__Hbank30                           bank30       00000
__Hbank31                           bank31       00000
__Hbank4                            bank4        00000
__Hbank5                            bank5        00000
__Hbank6                            bank6        00000
__Hbank7                            bank7        00000
__Hbank8                            bank8        00000
__Hbank9                            bank9        00000
__Hbigram                           bigram       00000
__HbssBANK0                         bssBANK0     00000
__HbssBANK1                         bssBANK1     00000
__HbssBANK2                         bssBANK2     00000
__Hcinit                            cinit        000C7
__Hclrtext                          clrtext      00000
__Hcode                             code         00000
__Hcommon                           common       00000
__Hconfig                           config       0800C
__HcstackBANK0                      cstackBANK0  00000
__HcstackCOMMON                     cstackCOMMON 00000
__HdataBANK0                        dataBANK0    00000
__HdataBANK1                        dataBANK1    00000
__HdataCOMMON                       dataCOMMON   00000
__Heeprom_data                      eeprom_data  00000
__Hend_init                         end_init     00087
__Hfunctab                          functab      00000
__Hheap                             heap         00000
__HidataBANK0                       idataBANK0   00000
__HidataBANK1                       idataBANK1   00000
__HidataCOMMON                      idataCOMMON  00000
__Hinit                             init         00085
__Hinittext                         inittext     00000
__Hintentry                         intentry     00085
__Hmaintext                         maintext     00000
__Hpowerup                          powerup      00000
__Hram                              ram          00000
__Hreset_vec                        reset_vec    00002
__Hsfr0                             sfr0         00000
__Hsfr1                             sfr1         00000
__Hsfr10                            sfr10        00000
__Hsfr11                            sfr11        00000
__Hsfr12                            sfr12        00000
__Hsfr13                            sfr13        00000
__Hsfr14                            sfr14        00000
__Hsfr15                            sfr15        00000
__Hsfr16                            sfr16        00000
__Hsfr17                            sfr17        00000
__Hsfr18                            sfr18        00000
__Hsfr19                            sfr19        00000
__Hsfr2                             sfr2         00000
__Hsfr20                            sfr20        00000
__Hsfr21                            sfr21        00000
__Hsfr22                            sfr22        00000
__Hsfr23                            sfr23        00000
__Hsfr24                            sfr24        00000
__Hsfr25                            sfr25        00000
__Hsfr26                            sfr26        00000
__Hsfr27                            sfr27        00000
__Hsfr28                            sfr28        00000
__Hsfr29                            sfr29        00000
__Hsfr3                             sfr3         00000
__Hsfr30                            sfr30        00000
__Hsfr31                            sfr31        00000
__Hsfr4                             sfr4         00000
__Hsfr5                             sfr5         00000
__Hsfr6                             sfr6         00000
__Hsfr7                             sfr7         00000
__Hsfr8                             sfr8         00000
__Hsfr9                             sfr9         00000
__Hsivt                             sivt         00085
__Hspace_0                          (abs)        01002
__Hspace_1                          (abs)        00144
__Hspace_2                          (abs)        00000
__Hspace_3                          (abs)        00000
__Hspace_4                          (abs)        10013
__Hstack                            stack        00000
__Hstrings                          strings      00000
__Hstringtext1                      stringtext1  00000
__Htext                             text         00000
__L__absolute__                     __absolute__ 00000
__Labs1                             abs1         00000
__Lbank0                            bank0        00000
__Lbank1                            bank1        00000
__Lbank10                           bank10       00000
__Lbank11                           bank11       00000
__Lbank12                           bank12       00000
__Lbank13                           bank13       00000
__Lbank14                           bank14       00000
__Lbank15                           bank15       00000
__Lbank16                           bank16       00000
__Lbank17                           bank17       00000
__Lbank18                           bank18       00000
__Lbank19                           bank19       00000
__Lbank2                            bank2        00000
__Lbank20                           bank20       00000
__Lbank21                           bank21       00000
__Lbank22                           bank22       00000
__Lbank23                           bank23       00000
__Lbank24                           bank24       00000
__Lbank25                           bank25       00000
__Lbank26                           bank26       00000
__Lbank27                           bank27       00000
__Lbank28                           bank28       00000
__Lbank29                           bank29       00000
__Lbank3                            bank3        00000
__Lbank30                           bank30       00000
__Lbank31                           bank31       00000
__Lbank4                            bank4        00000
__Lbank5                            bank5        00000
__Lbank6                            bank6        00000
__Lbank7                            bank7        00000
__Lbank8                            bank8        00000
__Lbank9                            bank9        00000
__Lbigram                           bigram       00000
__LbssBANK0                         bssBANK0     00000
__LbssBANK1                         bssBANK1     00000
__LbssBANK2                         bssBANK2     00000
__Lcinit                            cinit        00087
__Lclrtext                          clrtext      00000
__Lcode                             code         00000
__Lcommon                           common       00000
__Lconfig                           config       00000
__LcstackBANK0                      cstackBANK0  00000
__LcstackCOMMON                     cstackCOMMON 00000
__LdataBANK0                        dataBANK0    00000
__LdataBANK1                        dataBANK1    00000
__LdataCOMMON                       dataCOMMON   00000
__Leeprom_data                      eeprom_data  00000
__Lend_init                         end_init     00085
__Lfunctab                          functab      00000
__Lheap                             heap         00000
__LidataBANK0                       idataBANK0   00000
__LidataBANK1                       idataBANK1   00000
__LidataCOMMON                      idataCOMMON  00000
__Linit                             init         00085
__Linittext                         inittext     00000
__Lintentry                         intentry     00004
__Lmaintext                         maintext     00000
__Lpowerup                          powerup      00000
__Lram                              ram          00000
__Lreset_vec                        reset_vec    00000
__Lsfr0                             sfr0         00000
__Lsfr1                             sfr1         00000
__Lsfr10                            sfr10        00000
__Lsfr11                            sfr11        00000
__Lsfr12                            sfr12        00000
__Lsfr13                            sfr13        00000
__Lsfr14                            sfr14        00000
__Lsfr15                            sfr15        00000
__Lsfr16                            sfr16        00000
__Lsfr17                            sfr17        00000
__Lsfr18                            sfr18        00000
__Lsfr19                            sfr19        00000
__Lsfr2                             sfr2         00000
__Lsfr20                            sfr20        00000
__Lsfr21                            sfr21        00000
__Lsfr22                            sfr22        00000
__Lsfr23                            sfr23        00000
__Lsfr24                            sfr24        00000
__Lsfr25                            sfr25        00000
__Lsfr26                            sfr26        00000
__Lsfr27                            sfr27        00000
__Lsfr28                            sfr28        00000
__Lsfr29                            sfr29        00000
__Lsfr3                             sfr3         00000
__Lsfr30                            sfr30        00000
__Lsfr31                            sfr31        00000
__Lsfr4                             sfr4         00000
__Lsfr5                             sfr5         00000
__Lsfr6                             sfr6         00000
__Lsfr7                             sfr7         00000
__Lsfr8                             sfr8         00000
__Lsfr9                             sfr9         00000
__Lsivt                             sivt         00085
__Lspace_0                          (abs)        00000
__Lspace_1                          (abs)        00000
__Lspace_2                          (abs)        00000
__Lspace_3                          (abs)        00000
__Lspace_4                          (abs)        00000
__Lstack                            stack        00000
__Lstrings                          strings      00000
__Lstringtext1                      stringtext1  00000
__Ltext                             text         00000
__S0                                (abs)        01002
__S1                                (abs)        00144
__S3                                (abs)        00000
___awmod                            text23       00629
___awmod@counter                    cstackBANK0  00054
___awmod@dividend                   cstackBANK0  00051
___awmod@divisor                    cstackBANK0  0004F
___awmod@sign                       cstackBANK0  00055
___heap_hi                          (abs)        00000
___heap_lo                          (abs)        00000
___int_sp                           stack        00000
___int_stack_hi                     stack        00000
___int_stack_lo                     stack        00000
___latbits                          (abs)        00002
___sp                               stack        00000
___stack_hi                         stack        00000
___stack_lo                         stack        00000
___stackhi                          (abs)        00000
___stacklo                          (abs)        00000
__end_of_ActivatePump               text36       00FCD
__end_of_CONTROL_INPUT              stringtext1  01002
__end_of_ColorSensor                text21       003E1
__end_of_CreateBreak                text7        007E2
__end_of_CreateControlsCommand      text6        00797
__end_of_CreateMoveBackwardCommmand text5        0077C
__end_of_CreateMoveForwardCommmand  text4        0075D
__end_of_CreateTurnLeftCommmand     text3        0073E
__end_of_CreateTurnRightCommmand    text2        0071F
__end_of_EndI2C                     text35       00F3B
__end_of_EndIC2Transmission         text19       00F72
__end_of_GetControllerInput         text38       002DD
__end_of_GetValueAndEndI2C          text30       00487
__end_of_IncrementColorStage        text33       00FBD
__end_of_LoadTemp                   text34       00F69
__end_of_MovePumpArm                text20       007B2
__end_of_ReadAddressI2C             text29       00F54
__end_of_ReadColorReady             text32       007CB
__end_of_ReadI2C                    text28       00F3E
__end_of_RepeatI2C                  text27       00F41
__end_of_RepeatedStart              text18       00F7B
__end_of_Reset                      text31       01000
__end_of_SelectColourRegister       text26       006C1
__end_of_SetUp                      text14       00578
__end_of_SetUpColorSensor           text10       005D1
__end_of_SetUpI2C                   text11       00F8F
__end_of_SetUpI2CPins               text13       007F9
__end_of_SetUpIC2Clock              text12       00F45
__end_of_SetUpPump                  text9        00F99
__end_of_SetUpPumpArm               text8        00FA3
__end_of_StartI2C                   text25       00F4E
__end_of_StartIC2Transmission       text17       00F85
__end_of_StartReadRequest           text16       00FDD
__end_of_StartWriteRequest          text15       00FED
__end_of_UpdateColors               text22       00629
__end_of_WriteI2C                   text24       00F5A
__end_of___awmod                    text23       0067D
__end_of__initialization            cinit        000C3
__end_of_drive                      text1        001D3
__end_of_main                       maintext     00513
__end_of_myFunction                 intentry     00085
__initialization                    cinit        00087
__pbssBANK0                         bssBANK0     00020
__pbssBANK1                         bssBANK1     000DF
__pbssBANK2                         bssBANK2     00120
__pcstackBANK0                      cstackBANK0  0004F
__pcstackCOMMON                     cstackCOMMON 00070
__pdataBANK0                        dataBANK0    00064
__pdataBANK1                        dataBANK1    000A0
__pdataCOMMON                       dataCOMMON   00079
__pidataBANK0                       idataBANK0   00FA3
__pidataBANK1                       idataBANK1   006C1
__pidataCOMMON                      idataCOMMON  00F45
__pintentry                         intentry     00004
__pmaintext                         maintext     00487
__pstringtext1                      stringtext1  01000
__ptext1                            text1        000C7
__ptext10                           text10       00578
__ptext11                           text11       00F85
__ptext12                           text12       00F41
__ptext13                           text13       007E2
__ptext14                           text14       00513
__ptext15                           text15       00FDD
__ptext16                           text16       00FCD
__ptext17                           text17       00F7B
__ptext18                           text18       00F72
__ptext19                           text19       00F69
__ptext2                            text2        00700
__ptext20                           text20       00797
__ptext21                           text21       002DD
__ptext22                           text22       005D1
__ptext23                           text23       00629
__ptext24                           text24       00F54
__ptext25                           text25       00F49
__ptext26                           text26       0067D
__ptext27                           text27       00F3E
__ptext28                           text28       00F3B
__ptext29                           text29       00F4E
__ptext3                            text3        0071F
__ptext30                           text30       003E1
__ptext31                           text31       00FED
__ptext32                           text32       007B2
__ptext33                           text33       00FAF
__ptext34                           text34       00F60
__ptext35                           text35       00F38
__ptext36                           text36       00FBD
__ptext38                           text38       001D3
__ptext4                            text4        0073E
__ptext5                            text5        0075D
__ptext6                            text6        0077C
__ptext7                            text7        007CB
__ptext8                            text8        00F99
__ptext9                            text9        00F8F
_color                              bssBANK0     0004E
_colors                             bssBANK1     000DF
_controls                           bssBANK0     00020
_currentCommand                     bssBANK0     00036
_currentInput                       bssBANK0     0004A
_drive                              text1        000C7
_inputStage                         bssBANK0     00048
_main                               maintext     00487
_myFunction                         intentry     00004
_newI2CMessage                      dataBANK0    0006F
btemp                               (abs)        0007E
clear_ram0                          clrtext      00F5A
end_of_initialization               cinit        000C3
init_ram                            inittext     007F9
int$flags                           (abs)        0007E
intlevel0                           functab      00000
intlevel1                           functab      00000
intlevel2                           functab      00000
intlevel3                           functab      00000
intlevel4                           functab      00000
intlevel5                           functab      00000
myFunction@input                    cstackCOMMON 00077
reset_vec                           reset_vec    00000
start                               init         00085
start_initialization                cinit        00087
wtemp0                              (abs)        0007E


MODULE INFORMATION

Module		Function		Class		Link	Load	Size
./Color_Header.h
		_SetUpIC2Clock 		CODE           	0F41	0000	4
		_ColorSensor   		CODE           	02DD	0000	260
		_GetValueAndEndI2C		CODE           	03E1	0000	166
		_StartWriteRequest		CODE           	0FDD	0000	16
		_ReadColorReady		CODE           	07B2	0000	25
		_SetUpI2C      		CODE           	0F85	0000	10
		_LoadTemp      		CODE           	0F60	0000	9
		_SetUpI2CPins  		CODE           	07E2	0000	23
		_StartReadRequest		CODE           	0FCD	0000	16
		_SetUpColorSensor		CODE           	0578	0000	89
		_IncrementColorStage		CODE           	0FAF	0000	14
		_EndI2C        		CODE           	0F38	0000	3
		_RepeatI2C     		CODE           	0F3E	0000	3
		_ReadAddressI2C		CODE           	0F4E	0000	6
		_SelectColourRegister		CODE           	067D	0000	68
		_StartIC2Transmission		CODE           	0F7B	0000	10
		_SetUp         		CODE           	0513	0000	101
		_Reset         		CODE           	0FED	0000	19
		_ReadI2C       		CODE           	0F3B	0000	3
		_WriteI2C      		CODE           	0F54	0000	6
		_RepeatedStart 		CODE           	0F72	0000	9
		_StartI2C      		CODE           	0F49	0000	5
		_UpdateColors  		CODE           	05D1	0000	88
		_EndIC2Transmission		CODE           	0F69	0000	9

./Color_Header.h estimated size: 962

shared
		__initialization		CODE           	0087	0000	60
		_CONTROL_INPUT 		STRCODE        	0000	0000	0

shared estimated size: 60

C:\Program Files\Microchip\xc8\v2.46\pic\sources\c99\common\awmod.c
		___awmod       		CODE           	0629	0000	84

C:\Program Files\Microchip\xc8\v2.46\pic\sources\c99\common\awmod.c estimated size: 84

motorMain.c
		_CreateBreak   		CODE           	07CB	0000	23
		_MovePumpArm   		CODE           	0797	0000	27
		_CreateControlsCommand		CODE           	077C	0000	27
		_CreateTurnRightCommmand		CODE           	0700	0000	31
		_main          		CODE           	0487	0000	140
		_CreateTurnLeftCommmand		CODE           	071F	0000	31
		_GetControllerInput		CODE           	01D3	0000	266
		_CreateMoveForwardCommmand		CODE           	073E	0000	31
		_ActivatePump  		CODE           	0FBD	0000	16
		_drive         		CODE           	00C7	0000	268
		_myFunction    		CODE           	0004	0000	129
		_SetUpPump     		CODE           	0F8F	0000	10
		_CreateMoveBackwardCommmand		CODE           	075D	0000	31
		_SetUpPumpArm  		CODE           	0F99	0000	10

motorMain.c estimated size: 1040

