Microchip MPLAB XC8 Compiler V2.46

Linker command line:

-W-3 \
  --edf=C:\Program Files\Microchip\xc8\v2.46\pic\dat\20240104201356_en.msgs \
  -cn -h+dist/default/production\Motors.X.production.sym \
  --cmf=dist/default/production\Motors.X.production.cmf -z -Q16F18855 \
  -oC:\Users\chum_\AppData\Local\Temp\xcCs5ik.2\driver_tmp_3.o \
  --defsym=__MPLAB_BUILD=1 --fixupoverflow=error \
  -Mdist/default/production/Motors.X.production.map \
  --md=C:\Users\chum_\AppData\Local\Temp\xcCs5ik.2\driver_tmp_0.dat -E1 \
  -ver=XC8 Compiler --acfsm=1493 -ACODE=00h-07FFhx4 -ASTRCODE=00h-01FFFh \
  -ASTRING=00h-0FFhx32 -ACONST=00h-0FFhx32 -AENTRY=00h-0FFhx32 \
  -ACOMMON=070h-07Fh -ABANK0=020h-06Fh -ABANK1=0A0h-0EFh \
  -ABANK2=0120h-016Fh -ABANK3=01A0h-01EFh -ABANK4=0220h-026Fh \
  -ABANK5=02A0h-02EFh -ABANK6=0320h-036Fh -ABANK7=03A0h-03EFh \
  -ABANK8=0420h-046Fh -ABANK9=04A0h-04EFh -ABANK10=0520h-056Fh \
  -ABANK11=05A0h-05EFh -ABANK12=0620h-064Fh -ABIGRAM=02000h-023EFh \
  -ARAM=020h-06Fh,0A0h-0EFh,0120h-016Fh,01A0h-01EFh,0220h-026Fh,02A0h-02EFh,0320h-036Fh,03A0h-03EFh,0420h-046Fh,04A0h-04EFh,0520h-056Fh,05A0h-05EFh,0620h-064Fh \
  -AABS1=020h-07Fh,0A0h-0EFh,0120h-016Fh,01A0h-01EFh,0220h-026Fh,02A0h-02EFh,0320h-036Fh,03A0h-03EFh,0420h-046Fh,04A0h-04EFh,0520h-056Fh,05A0h-05EFh,0620h-064Fh \
  -ASFR0=00h-01Fh -ASFR1=080h-09Fh -ASFR2=0100h-011Fh -ASFR3=0180h-019Fh \
  -ASFR4=0200h-021Fh -ASFR5=0280h-029Fh -ASFR6=0300h-031Fh \
  -ASFR7=0380h-039Fh -ASFR8=0400h-041Fh -ASFR9=0480h-049Fh \
  -ASFR10=0500h-051Fh -ASFR11=0580h-059Fh -ASFR12=0600h-061Fh \
  -ASFR13=0680h-06EFh -ASFR14=0700h-076Fh -ASFR15=0780h-07EFh \
  -ASFR16=0800h-086Fh -ASFR17=0880h-08EFh -ASFR18=0900h-096Fh \
  -ASFR19=0980h-09EFh -ASFR20=0A00h-0A6Fh -ASFR21=0A80h-0AEFh \
  -ASFR22=0B00h-0B6Fh -ASFR23=0B80h-0BEFh -ASFR24=0C00h-0C6Fh \
  -ASFR25=0C80h-0CEFh -ASFR26=0D00h-0D6Fh -ASFR27=0D80h-0DEFh \
  -ASFR28=0E00h-0E6Fh -ASFR29=0E80h-0EEFh -ASFR30=0F00h-0F6Fh \
  -ASFR31=0F80h-0FEFh -ACONFIG=08007h-0800Bh -DCONFIG=2 \
  -AIDLOC=08000h-08003h -DIDLOC=2 -AEEDATA=00h-0FFh/0F000h \
  -peeprom_data=EEDATA -DEEDATA=2 -DCODE=2 -DSTRCODE=2 -DSTRING=2 -DCONST=2 \
  -DENTRY=2 -preset_vec=00h,intentry=04h,sivt,init,end_init -ppowerup=CODE \
  -pcinit=CODE -pfunctab=ENTRY -k \
  C:\Users\chum_\AppData\Local\Temp\xcCs5ik.2\driver_tmp_15.o \
  dist/default/production\Motors.X.production.o 

Object code version is 3.11

Machine type is 16F18855



                Name                               Link     Load   Length Selector   Space Scale
C:\Users\chum_\AppData\Local\Temp\xcCs5ik.2\driver_tmp_15.o
                end_init                             89       89        2        8       0
                reset_vec                             0        0        2        0       0
                config                             8007     8007        5        0       4
dist/default/production\Motors.X.production.o
                cinit                                8B       8B       54        8       0
                intentry                              4        4       85        8       0
                config                             8007     8007        5        0       4
                text46                              597      597      116        8       0
                text44                              AD1      AD1       12     15A2       0
                text43                              D37      D37       58     1A6E       0
                text42                              A25      A25        3     144A       0
                text41                              A6F      A6F        A     14DE       0
                text40                              AA1      AA1       10     1542       0
                text39                              B29      B29       1B     1652       0
                text38                              AE3      AE3       16     15C6       0
                text37                              F51      F51       AF     1EA2       0
                text36                              A37      A37        6     146E       0
                text35                              A28      A28        3     1450       0
                text34                              A2B      A2B        3     1456       0
                text33                              C9F      C9F       44     193E       0
                text32                              A32      A32        5     1464       0
                text31                              A3D      A3D        6     147A       0
                text30                              CE3      CE3       54     19C6       0
                text29                              D8F      D8F       59     1B1E       0
                text28                              47E      47E      119        8       0
                text27                              B44      B44       1B     1688       0
                text26                              C69      C69       36     18D2       0
                text25                              B5F      B5F       1B     16BE       0
                text24                              A55      A55        8     14AA       0
                text23                              A5D      A5D        9     14BA       0
                text22                              A66      A66        9     14CC       0
                text21                              A79      A79        A     14F2       0
                text20                              AB1      AB1       10     1562       0
                text19                              AC1      AC1       10     1582       0
                text18                              E41      E41       65     1C82       0
                text17                              AF9      AF9       17     15F2       0
                text16                              A2E      A2E        4     145C       0
                text15                              A83      A83        A     1506       0
                text14                              DE8      DE8       59     1BD0       0
                text13                              A8D      A8D        A     151A       0
                text12                              A97      A97        A     152E       0
                text11                              B10      B10       19     1620       0
                text10                              B7A      B7A       1D     16F4       0
                text9                               BD5      BD5       21     17AA       0
                text8                               BF6      BF6       21     17EC       0
                text7                               B97      B97       1F     172E       0
                text6                               BB6      BB6       1F     176C       0
                text5                               C17      C17       24     182E       0
                text4                                DF       DF      23B        8       0
                text3                               766      766       71        8       0
                text2                               EA6      EA6       AB     1D4C       0
                text1                               31A      31A      164        8       0
                maintext                            6AD      6AD       B9        8       0
                cstackBANK0                          20       20       35       20       1
                cstackCOMMON                         70       70        9       70       1
                clrtext                             A43      A43        6     1486       0
                inittext                            A49      A49        6     1492       0
                bssBANK3                            1A0      1A0       16      1A0       1
                dataBANK2                           120      120       25      120       1
                bssBANK2                            145      145       1B      120       1
                dataBANK1                            A0       A0       2E       A0       1
                bssBANK1                             CE       CE       1C       A0       1
                dataBANK0                            69       69        6       20       1
                bssBANK0                             55       55       14       20       1
                dataCOMMON                           79       79        4       70       1
                stringtext3                        1004     1004        2     2000       0
                stringtext2                        1002     1002        2     2000       0
                stringtext1                        1000     1000        2     2000       0
                idataBANK2                          7D7      7D7       25        8       0
                idataBANK1                          C3B      C3B       2E     1876       0
                idataBANK0                          A4F      A4F        6     149E       0
                idataCOMMON                         7FC      7FC        4        8       0

TOTAL           Name                               Link     Load   Length     Space
        CLASS   CODE           
                end_init                             89       89        2         0
                cinit                                8B       8B       54         0
                intentry                              4        4       85         0
                reset_vec                             0        0        2         0
                text46                              597      597      116         0
                text44                              AD1      AD1       12         0
                text43                              D37      D37       58         0
                text42                              A25      A25        3         0
                text41                              A6F      A6F        A         0
                text40                              AA1      AA1       10         0
                text39                              B29      B29       1B         0
                text38                              AE3      AE3       16         0
                text37                              F51      F51       AF         0
                text36                              A37      A37        6         0
                text35                              A28      A28        3         0
                text34                              A2B      A2B        3         0
                text33                              C9F      C9F       44         0
                text32                              A32      A32        5         0
                text31                              A3D      A3D        6         0
                text30                              CE3      CE3       54         0
                text29                              D8F      D8F       59         0
                text28                              47E      47E      119         0
                text27                              B44      B44       1B         0
                text26                              C69      C69       36         0
                text25                              B5F      B5F       1B         0
                text24                              A55      A55        8         0
                text23                              A5D      A5D        9         0
                text22                              A66      A66        9         0
                text21                              A79      A79        A         0
                text20                              AB1      AB1       10         0
                text19                              AC1      AC1       10         0
                text18                              E41      E41       65         0
                text17                              AF9      AF9       17         0
                text16                              A2E      A2E        4         0
                text15                              A83      A83        A         0
                text14                              DE8      DE8       59         0
                text13                              A8D      A8D        A         0
                text12                              A97      A97        A         0
                text11                              B10      B10       19         0
                text10                              B7A      B7A       1D         0
                text9                               BD5      BD5       21         0
                text8                               BF6      BF6       21         0
                text7                               B97      B97       1F         0
                text6                               BB6      BB6       1F         0
                text5                               C17      C17       24         0
                text4                                DF       DF      23B         0
                text3                               766      766       71         0
                text2                               EA6      EA6       AB         0
                text1                               31A      31A      164         0
                maintext                            6AD      6AD       B9         0
                clrtext                             A43      A43        6         0
                inittext                            A49      A49        6         0
                idataBANK2                          7D7      7D7       25         0
                idataBANK1                          C3B      C3B       2E         0
                idataBANK0                          A4F      A4F        6         0
                idataCOMMON                         7FC      7FC        4         0

        CLASS   STRCODE        
                stringtext3                        1004     1004        2         0
                stringtext2                        1002     1002        2         0
                stringtext1                        1000     1000        2         0

        CLASS   STRING         

        CLASS   CONST          

        CLASS   ENTRY          

        CLASS   COMMON         
                cstackCOMMON                         70       70        9         1
                dataCOMMON                           79       79        4         1

        CLASS   BANK0          
                cstackBANK0                          20       20       35         1
                dataBANK0                            69       69        6         1
                bssBANK0                             55       55       14         1

        CLASS   BANK1          
                dataBANK1                            A0       A0       2E         1
                bssBANK1                             CE       CE       1C         1

        CLASS   BANK2          
                dataBANK2                           120      120       25         1
                bssBANK2                            145      145       1B         1

        CLASS   BANK3          
                bssBANK3                            1A0      1A0       16         1

        CLASS   BANK4          

        CLASS   BANK5          

        CLASS   BANK6          

        CLASS   BANK7          

        CLASS   BANK8          

        CLASS   BANK9          

        CLASS   BANK10         

        CLASS   BANK11         

        CLASS   BANK12         

        CLASS   BIGRAM         

        CLASS   RAM            

        CLASS   ABS1           
                abs_s1                               7E       7E        2         1

        CLASS   SFR0           

        CLASS   SFR1           

        CLASS   SFR2           

        CLASS   SFR3           

        CLASS   SFR4           

        CLASS   SFR5           

        CLASS   SFR6           

        CLASS   SFR7           

        CLASS   SFR8           

        CLASS   SFR9           

        CLASS   SFR10          

        CLASS   SFR11          

        CLASS   SFR12          

        CLASS   SFR13          

        CLASS   SFR14          

        CLASS   SFR15          

        CLASS   SFR16          

        CLASS   SFR17          

        CLASS   SFR18          

        CLASS   SFR19          

        CLASS   SFR20          

        CLASS   SFR21          

        CLASS   SFR22          

        CLASS   SFR23          

        CLASS   SFR24          

        CLASS   SFR25          

        CLASS   SFR26          

        CLASS   SFR27          

        CLASS   SFR28          

        CLASS   SFR29          

        CLASS   SFR30          

        CLASS   SFR31          

        CLASS   CONFIG         
                config                             8007     8007        5         4

        CLASS   IDLOC          

        CLASS   EEDATA         

        CLASS   BANK31         

        CLASS   BANK30         

        CLASS   BANK29         

        CLASS   BANK28         

        CLASS   BANK27         

        CLASS   BANK26         

        CLASS   BANK25         

        CLASS   BANK24         

        CLASS   BANK23         

        CLASS   BANK22         

        CLASS   BANK21         

        CLASS   BANK20         

        CLASS   BANK19         

        CLASS   BANK18         

        CLASS   BANK17         

        CLASS   BANK16         

        CLASS   BANK15         

        CLASS   BANK14         

        CLASS   BANK13         

        CLASS   HEAP           

        CLASS   STACK          



SEGMENTS        Name                           Load    Length   Top    Selector   Space  Class     Delta

                reset_vec                      000000  000002  000002         0       0  CODE        2
                intentry                       000004  0007FC  000800         8       0  CODE        2
                cstackBANK0                    000020  00004F  00006F        20       1  BANK0       1
                cstackCOMMON                   000070  00000D  00007D        70       1  COMMON      1
                dataBANK1                      0000A0  00004A  0000EA        A0       1  BANK1       1
                dataBANK2                      000120  000040  000160       120       1  BANK2       1
                bssBANK3                       0001A0  000016  0001B6       1A0       1  BANK3       1
                text42                         000A25  000003  000A28      144A       0  CODE        2
                text35                         000A28  000003  000A2B      1450       0  CODE        2
                text34                         000A2B  000003  000A2E      1456       0  CODE        2
                text16                         000A2E  000004  000A32      145C       0  CODE        2
                text32                         000A32  000005  000A37      1464       0  CODE        2
                text36                         000A37  000006  000A3D      146E       0  CODE        2
                text31                         000A3D  000006  000A43      147A       0  CODE        2
                clrtext                        000A43  000006  000A49      1486       0  CODE        2
                inittext                       000A49  000006  000A4F      1492       0  CODE        2
                idataBANK0                     000A4F  000006  000A55      149E       0  CODE        2
                text24                         000A55  000008  000A5D      14AA       0  CODE        2
                text23                         000A5D  000009  000A66      14BA       0  CODE        2
                text22                         000A66  000009  000A6F      14CC       0  CODE        2
                text41                         000A6F  00000A  000A79      14DE       0  CODE        2
                text21                         000A79  00000A  000A83      14F2       0  CODE        2
                text15                         000A83  00000A  000A8D      1506       0  CODE        2
                text13                         000A8D  00000A  000A97      151A       0  CODE        2
                text12                         000A97  00000A  000AA1      152E       0  CODE        2
                text40                         000AA1  000010  000AB1      1542       0  CODE        2
                text20                         000AB1  000010  000AC1      1562       0  CODE        2
                text19                         000AC1  000010  000AD1      1582       0  CODE        2
                text44                         000AD1  000012  000AE3      15A2       0  CODE        2
                text38                         000AE3  000016  000AF9      15C6       0  CODE        2
                text17                         000AF9  000017  000B10      15F2       0  CODE        2
                text11                         000B10  000019  000B29      1620       0  CODE        2
                text39                         000B29  00001B  000B44      1652       0  CODE        2
                text27                         000B44  00001B  000B5F      1688       0  CODE        2
                text25                         000B5F  00001B  000B7A      16BE       0  CODE        2
                text10                         000B7A  00001D  000B97      16F4       0  CODE        2
                text7                          000B97  00001F  000BB6      172E       0  CODE        2
                text6                          000BB6  00001F  000BD5      176C       0  CODE        2
                text9                          000BD5  000021  000BF6      17AA       0  CODE        2
                text8                          000BF6  000021  000C17      17EC       0  CODE        2
                text5                          000C17  000024  000C3B      182E       0  CODE        2
                idataBANK1                     000C3B  00002E  000C69      1876       0  CODE        2
                text26                         000C69  000036  000C9F      18D2       0  CODE        2
                text33                         000C9F  000044  000CE3      193E       0  CODE        2
                text30                         000CE3  000054  000D37      19C6       0  CODE        2
                text43                         000D37  000058  000D8F      1A6E       0  CODE        2
                text29                         000D8F  000059  000DE8      1B1E       0  CODE        2
                text14                         000DE8  000059  000E41      1BD0       0  CODE        2
                text18                         000E41  000065  000EA6      1C82       0  CODE        2
                text2                          000EA6  0000AB  000F51      1D4C       0  CODE        2
                text37                         000F51  0000AF  001000      1EA2       0  CODE        2
                stringtext1                    001000  000006  001006      2000       0  STRCODE     2


UNUSED ADDRESS RANGES

        Name                Unused          Largest block    Delta
        BANK0            0006F-0006F               1           1
        BANK1            000EA-000EF               6           1
        BANK10           00520-0056F              50           1
        BANK11           005A0-005EF              50           1
        BANK12           00620-0064F              30           1
        BANK2            00160-0016F              10           1
        BANK3            001B6-001EF              3A           1
        BANK4            00220-0026F              50           1
        BANK5            002A0-002EF              50           1
        BANK6            00320-0036F              50           1
        BANK7            003A0-003EF              50           1
        BANK8            00420-0046F              50           1
        BANK9            004A0-004EF              50           1
        BIGRAM           02000-023EF             3F0           1
        CODE             00002-00003               2           2
                         00800-00A24             225
                         01006-01FFF             7FA
        COMMON           0007D-0007D               1           1
        CONST            00002-00003               2           2
                         00800-00A24             100
                         01006-01FFF             100
        EEDATA           0F000-0F0FF             100           2
        ENTRY            00002-00003               2           2
                         00800-00A24             100
                         01006-01FFF             100
        IDLOC            08000-08003               4           2
        RAM              0006F-0006F               1           1
                         000EA-000EF               6
                         00160-0016F              10
                         001B6-001EF              3A
                         00220-0026F              50
                         002A0-002EF              50
                         00320-0036F              50
                         003A0-003EF              50
                         00420-0046F              50
                         004A0-004EF              50
                         00520-0056F              50
                         005A0-005EF              50
                         00620-0064F              30
        SFR0             00000-0001F              20           1
        SFR1             00080-0009F              20           1
        SFR10            00500-0051F              20           1
        SFR11            00580-0059F              20           1
        SFR12            00600-0061F              20           1
        SFR13            00680-006EF              70           1
        SFR14            00700-0076F              70           1
        SFR15            00780-007EF              70           1
        SFR16            00800-0086F              70           1
        SFR17            00880-008EF              70           1
        SFR18            00900-0096F              70           1
        SFR19            00980-009EF              70           1
        SFR2             00100-0011F              20           1
        SFR20            00A00-00A6F              70           1
        SFR21            00A80-00AEF              70           1
        SFR22            00B00-00B6F              70           1
        SFR23            00B80-00BEF              70           1
        SFR24            00C00-00C6F              70           1
        SFR25            00C80-00CEF              70           1
        SFR26            00D00-00D6F              70           1
        SFR27            00D80-00DEF              70           1
        SFR28            00E00-00E6F              70           1
        SFR29            00E80-00EEF              70           1
        SFR3             00180-0019F              20           1
        SFR30            00F00-00F6F              70           1
        SFR31            00F80-00FEF              70           1
        SFR4             00200-0021F              20           1
        SFR5             00280-0029F              20           1
        SFR6             00300-0031F              20           1
        SFR7             00380-0039F              20           1
        SFR8             00400-0041F              20           1
        SFR9             00480-0049F              20           1
        STRCODE          00002-00003               2           2
                         00800-00A24             225
                         01006-01FFF             FFA
        STRING           00002-00003               2           2
                         00800-00A24             100
                         01006-01FFF             100

                                  Symbol Table

?_SetUp                             cstackBANK0  00020
?__Umul8_16                         cstackBANK0  00020
?___awmod                           cstackBANK0  00020
?___flmul                           cstackBANK0  0002E
?___fltol                           cstackBANK0  00048
?___xxtofl                          cstackBANK0  00020
ActivatePump@switchValue            cstackBANK0  00020
ColorSensor@I2CStage                cstackBANK0  0002C
ColorSensor@color                   cstackBANK0  0002E
ColorSensor@colors                  cstackBANK0  0002D
ColorSensor@newI2CMessage           cstackBANK0  00034
CreateMoveBackwardCommmand@pwm      cstackBANK0  00020
CreateMoveForwardCommmand@pwm       cstackBANK0  00020
CreateTurnLeftCommmand@pwm          cstackBANK0  00020
CreateTurnRightCommmand@pwm         cstackBANK0  00020
GetControllerInput@input            cstackCOMMON 00070
GetValueAndEndI2C@colors            cstackBANK0  00024
GetValueAndEndI2C@value             cstackBANK0  00023
IncrementColorStage@colors          cstackBANK0  00020
LoadTemp@colors                     cstackBANK0  00021
LoadTemp@value                      cstackBANK0  00020
MovePumpArm@switchValue             cstackBANK0  00020
PlayTune@color                      cstackBANK0  00021
ReadColorReady@buffer               cstackBANK0  00021
ReadColorReady@colors               cstackBANK0  00022
Reset@colors                        cstackBANK0  00020
SelectColourRegister@colorStage     cstackBANK0  00020
SelectColourRegister@writeValue     cstackBANK0  00022
SetUp@value                         cstackBANK0  00024
SetUpColorSensor@result             cstackBANK0  00028
UpdateColors@colors                 cstackBANK0  0002B
UpdateColors@stageValue             cstackBANK0  00027
_ANSELAbits                         (abs)        00F38
_ANSELBbits                         (abs)        00F43
_ANSELCbits                         (abs)        00F4E
_ActivatePump                       text44       00AD1
_BAUD1CONbits                       (abs)        0011F
_Break                              dataBANK2    00127
_ColorSensor                        text28       0047E
_CreateBreak                        text11       00B10
_CreateControlsCommand              text10       00B7A
_CreateLaserCommand                 text27       00B44
_CreateMoveBackwardCommmand         text9        00BD5
_CreateMoveForwardCommmand          text8        00BF6
_CreateProcessCommand               text26       00C69
_CreateTurnLeftCommmand             text7        00B97
_CreateTurnRightCommmand            text6        00BB6
_DAC1CON0bits                       (abs)        0090E
_DAC1CON1bits                       (abs)        0090F
_EndI2C                             text42       00A25
_EndIC2Transmission                 text23       00A5D
_FireLaserCommand                   dataBANK1    000C1
_GetControllerInput                 text46       00597
_GetUserDataCommand                 dataBANK1    000C8
_GetValueAndEndI2C                  text37       00F51
_I2CStage                           bssBANK0     00066
_INTCONbits                         (abs)        0000B
_IncrementColorStage                text40       00AA1
_LATAbits                           (abs)        00016
_LATBbits                           (abs)        00017
_LoadTemp                           text41       00A6F
_MoveBackwardCommand                dataBANK2    00131
_MoveForwardCommand                 dataBANK2    0013B
_MovePumpArm                        text25       00B5F
_PIE3bits                           (abs)        00719
_PIR3bits                           (abs)        0070F
_PlayTune                           text43       00D37
_ProcessOreCommand                  dataBANK1    000BA
_RC1STAbits                         (abs)        0011D
_RC3PPS                             (abs)        00F23
_RC4PPS                             (abs)        00F24
_RC5PPS                             (abs)        00F25
_RCREG                              (abs)        00119
_RXPPSbits                          (abs)        00ECB
_ReadAddressI2C                     text36       00A37
_ReadColorReady                     text39       00B29
_ReadI2C                            text35       00A28
_RepeatI2C                          text34       00A2B
_RepeatedStart                      text22       00A66
_Reset                              text38       00AE3
_SP1BRGLbits                        (abs)        0011B
_SSP1ADD                            (abs)        0018D
_SSP1BUF                            (abs)        0018C
_SSP1BUFbits                        (abs)        0018C
_SSP1CLKPPSbits                     (abs)        00EC5
_SSP1CON1                           (abs)        00190
_SSP1CON2bits                       (abs)        00191
_SSP1DATPPSbits                     (abs)        00EC6
_SelectColourRegister               text33       00C9F
_SetUp                              text18       00E41
_SetUpAnalog                        text24       00A55
_SetUpColorSensor                   text14       00DE8
_SetUpI2C                           text15       00A83
_SetUpI2CPins                       text17       00AF9
_SetUpIC2Clock                      text16       00A2E
_SetUpPump                          text13       00A8D
_SetUpPumpArm                       text12       00A97
_StartI2C                           text32       00A32
_StartIC2Transmission               text21       00A79
_StartReadRequest                   text20       00AB1
_StartWriteRequest                  text19       00AC1
_TRISAbits                          (abs)        00011
_TRISBbits                          (abs)        00012
_TRISCbits                          (abs)        00013
_TX1REGbits                         (abs)        0011A
_TX1STAbits                         (abs)        0011E
_TurnLeftCommand                    dataBANK1    000B0
_TurnRightCommand                   dataBANK1    000A6
_UpdateColors                       text29       00D8F
_WPUCbits                           (abs)        00F4F
_WriteI2C                           text31       00A3D
__H__absolute__                     __absolute__ 00000
__Habs1                             abs1         00000
__Hbank0                            bank0        00000
__Hbank1                            bank1        00000
__Hbank10                           bank10       00000
__Hbank11                           bank11       00000
__Hbank12                           bank12       00000
__Hbank13                           bank13       00000
__Hbank14                           bank14       00000
__Hbank15                           bank15       00000
__Hbank16                           bank16       00000
__Hbank17                           bank17       00000
__Hbank18                           bank18       00000
__Hbank19                           bank19       00000
__Hbank2                            bank2        00000
__Hbank20                           bank20       00000
__Hbank21                           bank21       00000
__Hbank22                           bank22       00000
__Hbank23                           bank23       00000
__Hbank24                           bank24       00000
__Hbank25                           bank25       00000
__Hbank26                           bank26       00000
__Hbank27                           bank27       00000
__Hbank28                           bank28       00000
__Hbank29                           bank29       00000
__Hbank3                            bank3        00000
__Hbank30                           bank30       00000
__Hbank31                           bank31       00000
__Hbank4                            bank4        00000
__Hbank5                            bank5        00000
__Hbank6                            bank6        00000
__Hbank7                            bank7        00000
__Hbank8                            bank8        00000
__Hbank9                            bank9        00000
__Hbigram                           bigram       00000
__HbssBANK0                         bssBANK0     00000
__HbssBANK1                         bssBANK1     00000
__HbssBANK2                         bssBANK2     00000
__HbssBANK3                         bssBANK3     00000
__Hcinit                            cinit        000DF
__Hclrtext                          clrtext      00000
__Hcode                             code         00000
__Hcommon                           common       00000
__Hconfig                           config       0800C
__HcstackBANK0                      cstackBANK0  00000
__HcstackCOMMON                     cstackCOMMON 00000
__HdataBANK0                        dataBANK0    00000
__HdataBANK1                        dataBANK1    00000
__HdataBANK2                        dataBANK2    00000
__HdataCOMMON                       dataCOMMON   00000
__Heeprom_data                      eeprom_data  00000
__Hend_init                         end_init     0008B
__Hfunctab                          functab      00000
__Hheap                             heap         00000
__HidataBANK0                       idataBANK0   00000
__HidataBANK1                       idataBANK1   00000
__HidataBANK2                       idataBANK2   00000
__HidataCOMMON                      idataCOMMON  00000
__Hinit                             init         00089
__Hinittext                         inittext     00000
__Hintentry                         intentry     00089
__Hmaintext                         maintext     00000
__Hpowerup                          powerup      00000
__Hram                              ram          00000
__Hreset_vec                        reset_vec    00002
__Hsfr0                             sfr0         00000
__Hsfr1                             sfr1         00000
__Hsfr10                            sfr10        00000
__Hsfr11                            sfr11        00000
__Hsfr12                            sfr12        00000
__Hsfr13                            sfr13        00000
__Hsfr14                            sfr14        00000
__Hsfr15                            sfr15        00000
__Hsfr16                            sfr16        00000
__Hsfr17                            sfr17        00000
__Hsfr18                            sfr18        00000
__Hsfr19                            sfr19        00000
__Hsfr2                             sfr2         00000
__Hsfr20                            sfr20        00000
__Hsfr21                            sfr21        00000
__Hsfr22                            sfr22        00000
__Hsfr23                            sfr23        00000
__Hsfr24                            sfr24        00000
__Hsfr25                            sfr25        00000
__Hsfr26                            sfr26        00000
__Hsfr27                            sfr27        00000
__Hsfr28                            sfr28        00000
__Hsfr29                            sfr29        00000
__Hsfr3                             sfr3         00000
__Hsfr30                            sfr30        00000
__Hsfr31                            sfr31        00000
__Hsfr4                             sfr4         00000
__Hsfr5                             sfr5         00000
__Hsfr6                             sfr6         00000
__Hsfr7                             sfr7         00000
__Hsfr8                             sfr8         00000
__Hsfr9                             sfr9         00000
__Hsivt                             sivt         00089
__Hspace_0                          (abs)        01006
__Hspace_1                          (abs)        001B6
__Hspace_2                          (abs)        00000
__Hspace_3                          (abs)        00000
__Hspace_4                          (abs)        10013
__Hstack                            stack        00000
__Hstrings                          strings      00000
__Hstringtext1                      stringtext1  00000
__Hstringtext2                      stringtext2  00000
__Hstringtext3                      stringtext3  00000
__Htext                             text         00000
__L__absolute__                     __absolute__ 00000
__Labs1                             abs1         00000
__Lbank0                            bank0        00000
__Lbank1                            bank1        00000
__Lbank10                           bank10       00000
__Lbank11                           bank11       00000
__Lbank12                           bank12       00000
__Lbank13                           bank13       00000
__Lbank14                           bank14       00000
__Lbank15                           bank15       00000
__Lbank16                           bank16       00000
__Lbank17                           bank17       00000
__Lbank18                           bank18       00000
__Lbank19                           bank19       00000
__Lbank2                            bank2        00000
__Lbank20                           bank20       00000
__Lbank21                           bank21       00000
__Lbank22                           bank22       00000
__Lbank23                           bank23       00000
__Lbank24                           bank24       00000
__Lbank25                           bank25       00000
__Lbank26                           bank26       00000
__Lbank27                           bank27       00000
__Lbank28                           bank28       00000
__Lbank29                           bank29       00000
__Lbank3                            bank3        00000
__Lbank30                           bank30       00000
__Lbank31                           bank31       00000
__Lbank4                            bank4        00000
__Lbank5                            bank5        00000
__Lbank6                            bank6        00000
__Lbank7                            bank7        00000
__Lbank8                            bank8        00000
__Lbank9                            bank9        00000
__Lbigram                           bigram       00000
__LbssBANK0                         bssBANK0     00000
__LbssBANK1                         bssBANK1     00000
__LbssBANK2                         bssBANK2     00000
__LbssBANK3                         bssBANK3     00000
__Lcinit                            cinit        0008B
__Lclrtext                          clrtext      00000
__Lcode                             code         00000
__Lcommon                           common       00000
__Lconfig                           config       00000
__LcstackBANK0                      cstackBANK0  00000
__LcstackCOMMON                     cstackCOMMON 00000
__LdataBANK0                        dataBANK0    00000
__LdataBANK1                        dataBANK1    00000
__LdataBANK2                        dataBANK2    00000
__LdataCOMMON                       dataCOMMON   00000
__Leeprom_data                      eeprom_data  00000
__Lend_init                         end_init     00089
__Lfunctab                          functab      00000
__Lheap                             heap         00000
__LidataBANK0                       idataBANK0   00000
__LidataBANK1                       idataBANK1   00000
__LidataBANK2                       idataBANK2   00000
__LidataCOMMON                      idataCOMMON  00000
__Linit                             init         00089
__Linittext                         inittext     00000
__Lintentry                         intentry     00004
__Lmaintext                         maintext     00000
__Lpowerup                          powerup      00000
__Lram                              ram          00000
__Lreset_vec                        reset_vec    00000
__Lsfr0                             sfr0         00000
__Lsfr1                             sfr1         00000
__Lsfr10                            sfr10        00000
__Lsfr11                            sfr11        00000
__Lsfr12                            sfr12        00000
__Lsfr13                            sfr13        00000
__Lsfr14                            sfr14        00000
__Lsfr15                            sfr15        00000
__Lsfr16                            sfr16        00000
__Lsfr17                            sfr17        00000
__Lsfr18                            sfr18        00000
__Lsfr19                            sfr19        00000
__Lsfr2                             sfr2         00000
__Lsfr20                            sfr20        00000
__Lsfr21                            sfr21        00000
__Lsfr22                            sfr22        00000
__Lsfr23                            sfr23        00000
__Lsfr24                            sfr24        00000
__Lsfr25                            sfr25        00000
__Lsfr26                            sfr26        00000
__Lsfr27                            sfr27        00000
__Lsfr28                            sfr28        00000
__Lsfr29                            sfr29        00000
__Lsfr3                             sfr3         00000
__Lsfr30                            sfr30        00000
__Lsfr31                            sfr31        00000
__Lsfr4                             sfr4         00000
__Lsfr5                             sfr5         00000
__Lsfr6                             sfr6         00000
__Lsfr7                             sfr7         00000
__Lsfr8                             sfr8         00000
__Lsfr9                             sfr9         00000
__Lsivt                             sivt         00089
__Lspace_0                          (abs)        00000
__Lspace_1                          (abs)        00000
__Lspace_2                          (abs)        00000
__Lspace_3                          (abs)        00000
__Lspace_4                          (abs)        00000
__Lstack                            stack        00000
__Lstrings                          strings      00000
__Lstringtext1                      stringtext1  00000
__Lstringtext2                      stringtext2  00000
__Lstringtext3                      stringtext3  00000
__Ltext                             text         00000
__S0                                (abs)        01006
__S1                                (abs)        001B6
__S3                                (abs)        00000
__Umul8_16                          text5        00C17
__Umul8_16@multiplicand             cstackBANK0  00020
__Umul8_16@multiplier               cstackBANK0  00028
__Umul8_16@product                  cstackBANK0  00024
__Umul8_16@word_mpld                cstackBANK0  00026
___awmod                            text30       00CE3
___awmod@counter                    cstackBANK0  00025
___awmod@dividend                   cstackBANK0  00022
___awmod@divisor                    cstackBANK0  00020
___awmod@sign                       cstackBANK0  00026
___flmul                            text4        000DF
___flmul@a                          cstackBANK0  00032
___flmul@aexp                       cstackBANK0  00040
___flmul@b                          cstackBANK0  0002E
___flmul@bexp                       cstackBANK0  00041
___flmul@grs                        cstackBANK0  0003C
___flmul@prod                       cstackBANK0  00042
___flmul@sign                       cstackBANK0  0003B
___flmul@temp                       cstackBANK0  00046
___fltol                            text3        00766
___fltol@exp1                       cstackBANK0  00051
___fltol@f1                         cstackBANK0  00048
___fltol@sign1                      cstackBANK0  00050
___heap_hi                          (abs)        00000
___heap_lo                          (abs)        00000
___int_sp                           stack        00000
___int_stack_hi                     stack        00000
___int_stack_lo                     stack        00000
___latbits                          (abs)        00002
___sp                               stack        00000
___stack_hi                         stack        00000
___stack_lo                         stack        00000
___stackhi                          (abs)        00000
___stacklo                          (abs)        00000
___xxtofl                           text2        00EA6
___xxtofl@arg                       cstackBANK0  0002A
___xxtofl@exp                       cstackBANK0  00029
___xxtofl@sign                      cstackBANK0  00028
___xxtofl@val                       cstackBANK0  00020
__end_of_ActivatePump               text44       00AE3
__end_of_CONTROL_INPUT              stringtext3  01006
__end_of_ColorSensor                text28       00597
__end_of_CreateBreak                text11       00B29
__end_of_CreateControlsCommand      text10       00B97
__end_of_CreateLaserCommand         text27       00B5F
__end_of_CreateMoveBackwardCommmand text9        00BF6
__end_of_CreateMoveForwardCommmand  text8        00C17
__end_of_CreateProcessCommand       text26       00C9F
__end_of_CreateTurnLeftCommmand     text7        00BB6
__end_of_CreateTurnRightCommmand    text6        00BD5
__end_of_DRIVE_COMMAND              stringtext2  01004
__end_of_EndI2C                     text42       00A28
__end_of_EndIC2Transmission         text23       00A66
__end_of_GetControllerInput         text46       006AD
__end_of_GetValueAndEndI2C          text37       01000
__end_of_IncrementColorStage        text40       00AB1
__end_of_LASER_COMMAND              stringtext1  01002
__end_of_LoadTemp                   text41       00A79
__end_of_MovePumpArm                text25       00B7A
__end_of_PlayTune                   text43       00D8F
__end_of_ReadAddressI2C             text36       00A3D
__end_of_ReadColorReady             text39       00B44
__end_of_ReadI2C                    text35       00A2B
__end_of_RepeatI2C                  text34       00A2E
__end_of_RepeatedStart              text22       00A6F
__end_of_Reset                      text38       00AF9
__end_of_SelectColourRegister       text33       00CE3
__end_of_SetUp                      text18       00EA6
__end_of_SetUpAnalog                text24       00A5D
__end_of_SetUpColorSensor           text14       00E41
__end_of_SetUpI2C                   text15       00A8D
__end_of_SetUpI2CPins               text17       00B10
__end_of_SetUpIC2Clock              text16       00A32
__end_of_SetUpPump                  text13       00A97
__end_of_SetUpPumpArm               text12       00AA1
__end_of_StartI2C                   text32       00A37
__end_of_StartIC2Transmission       text21       00A83
__end_of_StartReadRequest           text20       00AC1
__end_of_StartWriteRequest          text19       00AD1
__end_of_UpdateColors               text29       00DE8
__end_of_WriteI2C                   text31       00A43
__end_of__Umul8_16                  text5        00C3B
__end_of___awmod                    text30       00D37
__end_of___flmul                    text4        0031A
__end_of___fltol                    text3        007D7
__end_of___xxtofl                   text2        00F51
__end_of__initialization            cinit        000DB
__end_of_drive                      text1        0047E
__end_of_main                       maintext     00766
__end_of_myFunction                 intentry     00089
__initialization                    cinit        0008B
__pbssBANK0                         bssBANK0     00055
__pbssBANK1                         bssBANK1     000CE
__pbssBANK2                         bssBANK2     00145
__pbssBANK3                         bssBANK3     001A0
__pcstackBANK0                      cstackBANK0  00020
__pcstackCOMMON                     cstackCOMMON 00070
__pdataBANK0                        dataBANK0    00069
__pdataBANK1                        dataBANK1    000A0
__pdataBANK2                        dataBANK2    00120
__pdataCOMMON                       dataCOMMON   00079
__pidataBANK0                       idataBANK0   00A4F
__pidataBANK1                       idataBANK1   00C3B
__pidataBANK2                       idataBANK2   007D7
__pidataCOMMON                      idataCOMMON  007FC
__pintentry                         intentry     00004
__pmaintext                         maintext     006AD
__pstringtext1                      stringtext1  01000
__pstringtext2                      stringtext2  01002
__pstringtext3                      stringtext3  01004
__ptext1                            text1        0031A
__ptext10                           text10       00B7A
__ptext11                           text11       00B10
__ptext12                           text12       00A97
__ptext13                           text13       00A8D
__ptext14                           text14       00DE8
__ptext15                           text15       00A83
__ptext16                           text16       00A2E
__ptext17                           text17       00AF9
__ptext18                           text18       00E41
__ptext19                           text19       00AC1
__ptext2                            text2        00EA6
__ptext20                           text20       00AB1
__ptext21                           text21       00A79
__ptext22                           text22       00A66
__ptext23                           text23       00A5D
__ptext24                           text24       00A55
__ptext25                           text25       00B5F
__ptext26                           text26       00C69
__ptext27                           text27       00B44
__ptext28                           text28       0047E
__ptext29                           text29       00D8F
__ptext3                            text3        00766
__ptext30                           text30       00CE3
__ptext31                           text31       00A3D
__ptext32                           text32       00A32
__ptext33                           text33       00C9F
__ptext34                           text34       00A2B
__ptext35                           text35       00A28
__ptext36                           text36       00A37
__ptext37                           text37       00F51
__ptext38                           text38       00AE3
__ptext39                           text39       00B29
__ptext4                            text4        000DF
__ptext40                           text40       00AA1
__ptext41                           text41       00A6F
__ptext42                           text42       00A25
__ptext43                           text43       00D37
__ptext44                           text44       00AD1
__ptext46                           text46       00597
__ptext5                            text5        00C17
__ptext6                            text6        00BB6
__ptext7                            text7        00B97
__ptext8                            text8        00BF6
__ptext9                            text9        00BD5
_color                              bssBANK0     00068
_colors                             bssBANK2     00154
_controls                           bssBANK1     000CE
_currentCommand                     bssBANK0     00055
_currentInput                       bssBANK0     00064
_drive                              text1        0031A
_inputStage                         bssBANK1     000E8
_main                               maintext     006AD
_myFunction                         intentry     00004
_newI2CMessage                      dataBANK0    0006E
btemp                               (abs)        0007E
clear_ram0                          clrtext      00A43
drive@power                         cstackBANK0  00053
end_of_initialization               cinit        000DB
init_ram                            inittext     00A49
int$flags                           (abs)        0007E
intlevel0                           functab      00000
intlevel1                           functab      00000
intlevel2                           functab      00000
intlevel3                           functab      00000
intlevel4                           functab      00000
intlevel5                           functab      00000
myFunction@input                    cstackCOMMON 00077
reset_vec                           reset_vec    00000
start                               init         00089
start_initialization                cinit        0008B
wtemp0                              (abs)        0007E


MODULE INFORMATION

Module		Function		Class		Link	Load	Size
C:\Program Files\Microchip\xc8\v2.46\pic\sources\c99\common\fltol.c
		___fltol       		CODE           	0766	0000	113

C:\Program Files\Microchip\xc8\v2.46\pic\sources\c99\common\fltol.c estimated size: 113

C:\Program Files\Microchip\xc8\v2.46\pic\sources\c99\common\Umul8_16.c
		__Umul8_16     		CODE           	0C17	0000	36

C:\Program Files\Microchip\xc8\v2.46\pic\sources\c99\common\Umul8_16.c estimated size: 36

C:\Program Files\Microchip\xc8\v2.46\pic\sources\c99\common\xxtofl.c
		___xxtofl      		CODE           	0EA6	0000	171

C:\Program Files\Microchip\xc8\v2.46\pic\sources\c99\common\xxtofl.c estimated size: 171

./Color_Header.h
		_SetUpIC2Clock 		CODE           	0A2E	0000	4
		_ColorSensor   		CODE           	047E	0000	281
		_GetValueAndEndI2C		CODE           	0F51	0000	175
		_StartWriteRequest		CODE           	0AC1	0000	16
		_ReadColorReady		CODE           	0B29	0000	27
		_PlayTune      		CODE           	0D37	0000	88
		_SetUpI2C      		CODE           	0A83	0000	10
		_LoadTemp      		CODE           	0A6F	0000	10
		_SetUpI2CPins  		CODE           	0AF9	0000	23
		_StartReadRequest		CODE           	0AB1	0000	16
		_SetUpColorSensor		CODE           	0DE8	0000	89
		_IncrementColorStage		CODE           	0AA1	0000	16
		_EndI2C        		CODE           	0A25	0000	3
		_RepeatI2C     		CODE           	0A2B	0000	3
		_ReadAddressI2C		CODE           	0A37	0000	6
		_SelectColourRegister		CODE           	0C9F	0000	68
		_StartIC2Transmission		CODE           	0A79	0000	10
		_SetUp         		CODE           	0E41	0000	101
		_Reset         		CODE           	0AE3	0000	22
		_ReadI2C       		CODE           	0A28	0000	3
		_SetUpAnalog   		CODE           	0A55	0000	8
		_WriteI2C      		CODE           	0A3D	0000	6
		_RepeatedStart 		CODE           	0A66	0000	9
		_StartI2C      		CODE           	0A32	0000	5
		_UpdateColors  		CODE           	0D8F	0000	89
		_EndIC2Transmission		CODE           	0A5D	0000	9

./Color_Header.h estimated size: 1097

C:\Program Files\Microchip\xc8\v2.46\pic\sources\c99\common\sprcmul.c
		___flmul       		CODE           	00DF	0000	571

C:\Program Files\Microchip\xc8\v2.46\pic\sources\c99\common\sprcmul.c estimated size: 571

shared
		__initialization		CODE           	008B	0000	80
		_CONTROL_INPUT 		STRCODE        	0000	0000	0
		_LASER_COMMAND 		STRCODE        	0000	0000	0
		_DRIVE_COMMAND 		STRCODE        	0000	0000	0

shared estimated size: 80

C:\Program Files\Microchip\xc8\v2.46\pic\sources\c99\common\awmod.c
		___awmod       		CODE           	0CE3	0000	84

C:\Program Files\Microchip\xc8\v2.46\pic\sources\c99\common\awmod.c estimated size: 84

motorMain.c
		_CreateBreak   		CODE           	0B10	0000	25
		_MovePumpArm   		CODE           	0B5F	0000	27
		_CreateControlsCommand		CODE           	0B7A	0000	29
		_CreateTurnRightCommmand		CODE           	0BB6	0000	31
		_main          		CODE           	06AD	0000	185
		_CreateLaserCommand		CODE           	0B44	0000	27
		_CreateTurnLeftCommmand		CODE           	0B97	0000	31
		_CreateProcessCommand		CODE           	0C69	0000	54
		_GetControllerInput		CODE           	0597	0000	278
		_CreateMoveForwardCommmand		CODE           	0BF6	0000	33
		_ActivatePump  		CODE           	0AD1	0000	18
		_drive         		CODE           	031A	0000	356
		_myFunction    		CODE           	0004	0000	133
		_SetUpPump     		CODE           	0A8D	0000	10
		_CreateMoveBackwardCommmand		CODE           	0BD5	0000	33
		_SetUpPumpArm  		CODE           	0A97	0000	10

motorMain.c estimated size: 1280

